// Jest Snapshot v1, https://goo.gl/fbAQLP

exports[`CovidMap renders correctly 1`] = `<div />`;
