// Jest Snapshot v1, https://goo.gl/fbAQLP

exports[`Select renders correctly 1`] = `
<div>
  <select>
    <option
      value="All"
    >
      All
    </option>
  </select>
</div>
`;
